------------------------------------------------------------
TimeQuest Timing Analyzer Summary
------------------------------------------------------------

Type  : Slow Model Setup 'Q[2]~reg0'
Slack : 0.235
TNS   : 0.000

Type  : Slow Model Setup 'Q[0]~reg0'
Slack : 1.099
TNS   : 0.000

Type  : Slow Model Setup 'Q[1]~reg0'
Slack : 1.310
TNS   : 0.000

Type  : Slow Model Setup 'CLK'
Slack : 4.114
TNS   : 0.000

Type  : Slow Model Hold 'CLK'
Slack : -3.880
TNS   : -3.880

Type  : Slow Model Hold 'Q[1]~reg0'
Slack : -1.076
TNS   : -1.076

Type  : Slow Model Hold 'Q[0]~reg0'
Slack : -0.865
TNS   : -0.865

Type  : Slow Model Hold 'Q[2]~reg0'
Slack : 0.499
TNS   : 0.000

Type  : Slow Model Minimum Pulse Width 'CLK'
Slack : -1.777
TNS   : -3.261

Type  : Slow Model Minimum Pulse Width 'Q[0]~reg0'
Slack : -0.742
TNS   : -1.484

Type  : Slow Model Minimum Pulse Width 'Q[1]~reg0'
Slack : -0.742
TNS   : -1.484

Type  : Slow Model Minimum Pulse Width 'Q[2]~reg0'
Slack : -0.742
TNS   : -1.484

Type  : Fast Model Setup 'Q[2]~reg0'
Slack : 0.665
TNS   : 0.000

Type  : Fast Model Setup 'Q[0]~reg0'
Slack : 0.775
TNS   : 0.000

Type  : Fast Model Setup 'Q[1]~reg0'
Slack : 0.846
TNS   : 0.000

Type  : Fast Model Setup 'CLK'
Slack : 2.010
TNS   : 0.000

Type  : Fast Model Hold 'CLK'
Slack : -1.630
TNS   : -1.630

Type  : Fast Model Hold 'Q[1]~reg0'
Slack : -0.466
TNS   : -0.466

Type  : Fast Model Hold 'Q[0]~reg0'
Slack : -0.395
TNS   : -0.395

Type  : Fast Model Hold 'Q[2]~reg0'
Slack : 0.215
TNS   : 0.000

Type  : Fast Model Minimum Pulse Width 'CLK'
Slack : -1.222
TNS   : -2.222

Type  : Fast Model Minimum Pulse Width 'Q[0]~reg0'
Slack : -0.500
TNS   : -1.000

Type  : Fast Model Minimum Pulse Width 'Q[1]~reg0'
Slack : -0.500
TNS   : -1.000

Type  : Fast Model Minimum Pulse Width 'Q[2]~reg0'
Slack : -0.500
TNS   : -1.000

------------------------------------------------------------
